<?xml version="1.0" encoding="ISO-8859-1" ?>
<link_info>
   <banner>MSP430 Linker PC v21.6.0.LTS</banner>
   <copyright>Copyright (c) 2003-2018 Texas Instruments Incorporated</copyright>
   <link_time>0x6218f8b2</link_time>
   <link_errors>0x0</link_errors>
   <output_file>digital_clock.out</output_file>
   <entry_point>
      <name>_c_int00_noargs</name>
      <address>0x450a</address>
   </entry_point>
   <input_file_list>
      <input_file id="fl-2">
         <path>.\</path>
         <kind>object</kind>
         <file>digital_clock.obj</file>
         <name>digital_clock.obj</name>
      </input_file>
      <input_file id="fl-3">
         <path>.\</path>
         <kind>object</kind>
         <file>keyboard.obj</file>
         <name>keyboard.obj</name>
      </input_file>
      <input_file id="fl-4">
         <path>.\</path>
         <kind>object</kind>
         <file>setclock.obj</file>
         <name>setclock.obj</name>
      </input_file>
      <input_file id="fl-5">
         <path>.\oled\</path>
         <kind>object</kind>
         <file>oled.obj</file>
         <name>oled.obj</name>
      </input_file>
      <input_file id="fl-b">
         <kind>object</kind>
         <file>&lt;internal&gt;</file>
         <name>&lt;internal&gt;</name>
      </input_file>
      <input_file id="fl-26">
         <path>D:\CCS11.1.0.00011_win64\ccs\tools\compiler\ti-cgt-msp430_21.6.0.LTS\lib\</path>
         <kind>archive</kind>
         <file>rts430x_lc_rd_eabi.lib</file>
         <name>div16s.asm.obj</name>
      </input_file>
      <input_file id="fl-27">
         <path>D:\CCS11.1.0.00011_win64\ccs\tools\compiler\ti-cgt-msp430_21.6.0.LTS\lib\</path>
         <kind>archive</kind>
         <file>rts430x_lc_rd_eabi.lib</file>
         <name>div16u.asm.obj</name>
      </input_file>
      <input_file id="fl-28">
         <path>D:\CCS11.1.0.00011_win64\ccs\tools\compiler\ti-cgt-msp430_21.6.0.LTS\lib\</path>
         <kind>archive</kind>
         <file>rts430x_lc_rd_eabi.lib</file>
         <name>fs_add.asm.obj</name>
      </input_file>
      <input_file id="fl-29">
         <path>D:\CCS11.1.0.00011_win64\ccs\tools\compiler\ti-cgt-msp430_21.6.0.LTS\lib\</path>
         <kind>archive</kind>
         <file>rts430x_lc_rd_eabi.lib</file>
         <name>fs_div.asm.obj</name>
      </input_file>
      <input_file id="fl-2a">
         <path>D:\CCS11.1.0.00011_win64\ccs\tools\compiler\ti-cgt-msp430_21.6.0.LTS\lib\</path>
         <kind>archive</kind>
         <file>rts430x_lc_rd_eabi.lib</file>
         <name>fs_ltof.asm.obj</name>
      </input_file>
      <input_file id="fl-2b">
         <path>D:\CCS11.1.0.00011_win64\ccs\tools\compiler\ti-cgt-msp430_21.6.0.LTS\lib\</path>
         <kind>archive</kind>
         <file>rts430x_lc_rd_eabi.lib</file>
         <name>fs_mpy.asm.obj</name>
      </input_file>
      <input_file id="fl-2c">
         <path>D:\CCS11.1.0.00011_win64\ccs\tools\compiler\ti-cgt-msp430_21.6.0.LTS\lib\</path>
         <kind>archive</kind>
         <file>rts430x_lc_rd_eabi.lib</file>
         <name>fs_toi.asm.obj</name>
      </input_file>
      <input_file id="fl-2d">
         <path>D:\CCS11.1.0.00011_win64\ccs\tools\compiler\ti-cgt-msp430_21.6.0.LTS\lib\</path>
         <kind>archive</kind>
         <file>rts430x_lc_rd_eabi.lib</file>
         <name>fs_utof.asm.obj</name>
      </input_file>
      <input_file id="fl-2e">
         <path>D:\CCS11.1.0.00011_win64\ccs\tools\compiler\ti-cgt-msp430_21.6.0.LTS\lib\</path>
         <kind>archive</kind>
         <file>rts430x_lc_rd_eabi.lib</file>
         <name>int41.asm.obj</name>
      </input_file>
      <input_file id="fl-2f">
         <path>D:\CCS11.1.0.00011_win64\ccs\tools\compiler\ti-cgt-msp430_21.6.0.LTS\lib\</path>
         <kind>archive</kind>
         <file>rts430x_lc_rd_eabi.lib</file>
         <name>int42.asm.obj</name>
      </input_file>
      <input_file id="fl-30">
         <path>D:\CCS11.1.0.00011_win64\ccs\tools\compiler\ti-cgt-msp430_21.6.0.LTS\lib\</path>
         <kind>archive</kind>
         <file>rts430x_lc_rd_eabi.lib</file>
         <name>int43.asm.obj</name>
      </input_file>
      <input_file id="fl-31">
         <path>D:\CCS11.1.0.00011_win64\ccs\tools\compiler\ti-cgt-msp430_21.6.0.LTS\lib\</path>
         <kind>archive</kind>
         <file>rts430x_lc_rd_eabi.lib</file>
         <name>int44.asm.obj</name>
      </input_file>
      <input_file id="fl-32">
         <path>D:\CCS11.1.0.00011_win64\ccs\tools\compiler\ti-cgt-msp430_21.6.0.LTS\lib\</path>
         <kind>archive</kind>
         <file>rts430x_lc_rd_eabi.lib</file>
         <name>int45.asm.obj</name>
      </input_file>
      <input_file id="fl-33">
         <path>D:\CCS11.1.0.00011_win64\ccs\tools\compiler\ti-cgt-msp430_21.6.0.LTS\lib\</path>
         <kind>archive</kind>
         <file>rts430x_lc_rd_eabi.lib</file>
         <name>int46.asm.obj</name>
      </input_file>
      <input_file id="fl-34">
         <path>D:\CCS11.1.0.00011_win64\ccs\tools\compiler\ti-cgt-msp430_21.6.0.LTS\lib\</path>
         <kind>archive</kind>
         <file>rts430x_lc_rd_eabi.lib</file>
         <name>int47.asm.obj</name>
      </input_file>
      <input_file id="fl-35">
         <path>D:\CCS11.1.0.00011_win64\ccs\tools\compiler\ti-cgt-msp430_21.6.0.LTS\lib\</path>
         <kind>archive</kind>
         <file>rts430x_lc_rd_eabi.lib</file>
         <name>int48.asm.obj</name>
      </input_file>
      <input_file id="fl-36">
         <path>D:\CCS11.1.0.00011_win64\ccs\tools\compiler\ti-cgt-msp430_21.6.0.LTS\lib\</path>
         <kind>archive</kind>
         <file>rts430x_lc_rd_eabi.lib</file>
         <name>int50.asm.obj</name>
      </input_file>
      <input_file id="fl-37">
         <path>D:\CCS11.1.0.00011_win64\ccs\tools\compiler\ti-cgt-msp430_21.6.0.LTS\lib\</path>
         <kind>archive</kind>
         <file>rts430x_lc_rd_eabi.lib</file>
         <name>int51.asm.obj</name>
      </input_file>
      <input_file id="fl-38">
         <path>D:\CCS11.1.0.00011_win64\ccs\tools\compiler\ti-cgt-msp430_21.6.0.LTS\lib\</path>
         <kind>archive</kind>
         <file>rts430x_lc_rd_eabi.lib</file>
         <name>int52.asm.obj</name>
      </input_file>
      <input_file id="fl-39">
         <path>D:\CCS11.1.0.00011_win64\ccs\tools\compiler\ti-cgt-msp430_21.6.0.LTS\lib\</path>
         <kind>archive</kind>
         <file>rts430x_lc_rd_eabi.lib</file>
         <name>int55.asm.obj</name>
      </input_file>
      <input_file id="fl-3a">
         <path>D:\CCS11.1.0.00011_win64\ccs\tools\compiler\ti-cgt-msp430_21.6.0.LTS\lib\</path>
         <kind>archive</kind>
         <file>rts430x_lc_rd_eabi.lib</file>
         <name>int56.asm.obj</name>
      </input_file>
      <input_file id="fl-3b">
         <path>D:\CCS11.1.0.00011_win64\ccs\tools\compiler\ti-cgt-msp430_21.6.0.LTS\lib\</path>
         <kind>archive</kind>
         <file>rts430x_lc_rd_eabi.lib</file>
         <name>int57.asm.obj</name>
      </input_file>
      <input_file id="fl-3c">
         <path>D:\CCS11.1.0.00011_win64\ccs\tools\compiler\ti-cgt-msp430_21.6.0.LTS\lib\</path>
         <kind>archive</kind>
         <file>rts430x_lc_rd_eabi.lib</file>
         <name>int58.asm.obj</name>
      </input_file>
      <input_file id="fl-3d">
         <path>D:\CCS11.1.0.00011_win64\ccs\tools\compiler\ti-cgt-msp430_21.6.0.LTS\lib\</path>
         <kind>archive</kind>
         <file>rts430x_lc_rd_eabi.lib</file>
         <name>int59.asm.obj</name>
      </input_file>
      <input_file id="fl-3e">
         <path>D:\CCS11.1.0.00011_win64\ccs\tools\compiler\ti-cgt-msp430_21.6.0.LTS\lib\</path>
         <kind>archive</kind>
         <file>rts430x_lc_rd_eabi.lib</file>
         <name>int60.asm.obj</name>
      </input_file>
      <input_file id="fl-3f">
         <path>D:\CCS11.1.0.00011_win64\ccs\tools\compiler\ti-cgt-msp430_21.6.0.LTS\lib\</path>
         <kind>archive</kind>
         <file>rts430x_lc_rd_eabi.lib</file>
         <name>int61.asm.obj</name>
      </input_file>
      <input_file id="fl-40">
         <path>D:\CCS11.1.0.00011_win64\ccs\tools\compiler\ti-cgt-msp430_21.6.0.LTS\lib\</path>
         <kind>archive</kind>
         <file>rts430x_lc_rd_eabi.lib</file>
         <name>int62.asm.obj</name>
      </input_file>
      <input_file id="fl-41">
         <path>D:\CCS11.1.0.00011_win64\ccs\tools\compiler\ti-cgt-msp430_21.6.0.LTS\lib\</path>
         <kind>archive</kind>
         <file>rts430x_lc_rd_eabi.lib</file>
         <name>isr_trap.asm.obj</name>
      </input_file>
      <input_file id="fl-42">
         <path>D:\CCS11.1.0.00011_win64\ccs\tools\compiler\ti-cgt-msp430_21.6.0.LTS\lib\</path>
         <kind>archive</kind>
         <file>rts430x_lc_rd_eabi.lib</file>
         <name>mult16.asm.obj</name>
      </input_file>
      <input_file id="fl-43">
         <path>D:\CCS11.1.0.00011_win64\ccs\tools\compiler\ti-cgt-msp430_21.6.0.LTS\lib\</path>
         <kind>archive</kind>
         <file>rts430x_lc_rd_eabi.lib</file>
         <name>mult16_f5hw.asm.obj</name>
      </input_file>
      <input_file id="fl-44">
         <path>D:\CCS11.1.0.00011_win64\ccs\tools\compiler\ti-cgt-msp430_21.6.0.LTS\lib\</path>
         <kind>archive</kind>
         <file>rts430x_lc_rd_eabi.lib</file>
         <name>mult1632_f5hw.asm.obj</name>
      </input_file>
      <input_file id="fl-45">
         <path>D:\CCS11.1.0.00011_win64\ccs\tools\compiler\ti-cgt-msp430_21.6.0.LTS\lib\</path>
         <kind>archive</kind>
         <file>rts430x_lc_rd_eabi.lib</file>
         <name>mult32.asm.obj</name>
      </input_file>
      <input_file id="fl-46">
         <path>D:\CCS11.1.0.00011_win64\ccs\tools\compiler\ti-cgt-msp430_21.6.0.LTS\lib\</path>
         <kind>archive</kind>
         <file>rts430x_lc_rd_eabi.lib</file>
         <name>mult32_f5hw.asm.obj</name>
      </input_file>
      <input_file id="fl-47">
         <path>D:\CCS11.1.0.00011_win64\ccs\tools\compiler\ti-cgt-msp430_21.6.0.LTS\lib\</path>
         <kind>archive</kind>
         <file>rts430x_lc_rd_eabi.lib</file>
         <name>mult3264_f5hw.asm.obj</name>
      </input_file>
      <input_file id="fl-48">
         <path>D:\CCS11.1.0.00011_win64\ccs\tools\compiler\ti-cgt-msp430_21.6.0.LTS\lib\</path>
         <kind>archive</kind>
         <file>rts430x_lc_rd_eabi.lib</file>
         <name>mult64_f5hw.asm.obj</name>
      </input_file>
      <input_file id="fl-49">
         <path>D:\CCS11.1.0.00011_win64\ccs\tools\compiler\ti-cgt-msp430_21.6.0.LTS\lib\</path>
         <kind>archive</kind>
         <file>rts430x_lc_rd_eabi.lib</file>
         <name>boot.c.obj</name>
      </input_file>
      <input_file id="fl-4a">
         <path>D:\CCS11.1.0.00011_win64\ccs\tools\compiler\ti-cgt-msp430_21.6.0.LTS\lib\</path>
         <kind>archive</kind>
         <file>rts430x_lc_rd_eabi.lib</file>
         <name>autoinit.c.obj</name>
      </input_file>
      <input_file id="fl-4b">
         <path>D:\CCS11.1.0.00011_win64\ccs\tools\compiler\ti-cgt-msp430_21.6.0.LTS\lib\</path>
         <kind>archive</kind>
         <file>rts430x_lc_rd_eabi.lib</file>
         <name>copy_zero_init.c.obj</name>
      </input_file>
      <input_file id="fl-4c">
         <path>D:\CCS11.1.0.00011_win64\ccs\tools\compiler\ti-cgt-msp430_21.6.0.LTS\lib\</path>
         <kind>archive</kind>
         <file>rts430x_lc_rd_eabi.lib</file>
         <name>cpy_tbl.c.obj</name>
      </input_file>
      <input_file id="fl-4d">
         <path>D:\CCS11.1.0.00011_win64\ccs\tools\compiler\ti-cgt-msp430_21.6.0.LTS\lib\</path>
         <kind>archive</kind>
         <file>rts430x_lc_rd_eabi.lib</file>
         <name>mpu_init.c.obj</name>
      </input_file>
      <input_file id="fl-4e">
         <path>D:\CCS11.1.0.00011_win64\ccs\tools\compiler\ti-cgt-msp430_21.6.0.LTS\lib\</path>
         <kind>archive</kind>
         <file>rts430x_lc_rd_eabi.lib</file>
         <name>pre_init.c.obj</name>
      </input_file>
      <input_file id="fl-4f">
         <path>D:\CCS11.1.0.00011_win64\ccs\tools\compiler\ti-cgt-msp430_21.6.0.LTS\lib\</path>
         <kind>archive</kind>
         <file>rts430x_lc_rd_eabi.lib</file>
         <name>startup.c.obj</name>
      </input_file>
      <input_file id="fl-50">
         <path>D:\CCS11.1.0.00011_win64\ccs\tools\compiler\ti-cgt-msp430_21.6.0.LTS\lib\</path>
         <kind>archive</kind>
         <file>rts430x_lc_rd_eabi.lib</file>
         <name>copy_decompress_none.c.obj</name>
      </input_file>
      <input_file id="fl-51">
         <path>D:\CCS11.1.0.00011_win64\ccs\tools\compiler\ti-cgt-msp430_21.6.0.LTS\lib\</path>
         <kind>archive</kind>
         <file>rts430x_lc_rd_eabi.lib</file>
         <name>copy_decompress_lzss.c.obj</name>
      </input_file>
      <input_file id="fl-52">
         <path>D:\CCS11.1.0.00011_win64\ccs\tools\compiler\ti-cgt-msp430_21.6.0.LTS\lib\</path>
         <kind>archive</kind>
         <file>rts430x_lc_rd_eabi.lib</file>
         <name>exit.c.obj</name>
      </input_file>
      <input_file id="fl-53">
         <path>D:\CCS11.1.0.00011_win64\ccs\tools\compiler\ti-cgt-msp430_21.6.0.LTS\lib\</path>
         <kind>archive</kind>
         <file>rts430x_lc_rd_eabi.lib</file>
         <name>_lock.c.obj</name>
      </input_file>
      <input_file id="fl-54">
         <path>D:\CCS11.1.0.00011_win64\ccs\tools\compiler\ti-cgt-msp430_21.6.0.LTS\lib\</path>
         <kind>archive</kind>
         <file>rts430x_lc_rd_eabi.lib</file>
         <name>args_main.c.obj</name>
      </input_file>
      <input_file id="fl-55">
         <path>D:\CCS11.1.0.00011_win64\ccs\tools\compiler\ti-cgt-msp430_21.6.0.LTS\lib\</path>
         <kind>archive</kind>
         <file>rts430x_lc_rd_eabi.lib</file>
         <name>memcpy.c.obj</name>
      </input_file>
      <input_file id="fl-56">
         <path>D:\CCS11.1.0.00011_win64\ccs\tools\compiler\ti-cgt-msp430_21.6.0.LTS\lib\</path>
         <kind>archive</kind>
         <file>rts430x_lc_rd_eabi.lib</file>
         <name>exit_gvars.c.obj</name>
      </input_file>
   </input_file_list>
   <object_component_list>
      <object_component id="oc-4dc">
         <name>.common:h_12</name>
         <uninitialized>true</uninitialized>
         <run_address>0x2480</run_address>
         <size>0x2</size>
      </object_component>
      <object_component id="oc-44b">
         <name>.common:flash_data</name>
         <uninitialized>true</uninitialized>
         <run_address>0x246c</run_address>
         <size>0xc</size>
      </object_component>
      <object_component id="oc-455">
         <name>.common:temp</name>
         <uninitialized>true</uninitialized>
         <run_address>0x2482</run_address>
         <size>0x2</size>
      </object_component>
      <object_component id="oc-5c7">
         <name>.common:temperatureDegC</name>
         <uninitialized>true</uninitialized>
         <run_address>0x2478</run_address>
         <size>0x4</size>
      </object_component>
      <object_component id="oc-5d2">
         <name>.common:temperatureDegF</name>
         <uninitialized>true</uninitialized>
         <run_address>0x247c</run_address>
         <size>0x4</size>
      </object_component>
      <object_component id="oc-56d">
         <name>.common:KeyVal</name>
         <uninitialized>true</uninitialized>
         <run_address>0x2484</run_address>
         <size>0x1</size>
      </object_component>
      <object_component id="oc-3f8">
         <name>.data</name>
         <load_address>0x2432</load_address>
         <run_address>0x2432</run_address>
         <size>0x26</size>
         <input_file_ref idref="fl-2"/>
      </object_component>
      <object_component id="oc-495">
         <name>.data:alarms</name>
         <load_address>0x2400</load_address>
         <run_address>0x2400</run_address>
         <size>0x32</size>
         <input_file_ref idref="fl-2"/>
      </object_component>
      <object_component id="oc-4c2">
         <name>.data:alarms_judge</name>
         <load_address>0x2458</load_address>
         <run_address>0x2458</run_address>
         <size>0x14</size>
         <input_file_ref idref="fl-2"/>
      </object_component>
      <object_component id="oc-36b">
         <name>.stack</name>
         <uninitialized>true</uninitialized>
         <run_address>0x4360</run_address>
         <size>0x4</size>
         <input_file_ref idref="fl-49"/>
      </object_component>
      <object_component id="oc-6c2">
         <name>.stack</name>
         <uninitialized>true</uninitialized>
         <run_address>0x4360</run_address>
         <size>0x0</size>
      </object_component>
      <object_component id="oc-401">
         <name>.text:set_alarm</name>
         <load_address>0x10000</load_address>
         <run_address>0x10000</run_address>
         <size>0x41a</size>
         <input_file_ref idref="fl-2"/>
      </object_component>
      <object_component id="oc-49f">
         <name>.text:set_time_12</name>
         <load_address>0x1041a</load_address>
         <run_address>0x1041a</run_address>
         <size>0x3f6</size>
         <input_file_ref idref="fl-2"/>
      </object_component>
      <object_component id="oc-414">
         <name>.text:set_date</name>
         <load_address>0x10810</load_address>
         <run_address>0x10810</run_address>
         <size>0x3cc</size>
         <input_file_ref idref="fl-2"/>
      </object_component>
      <object_component id="oc-48a">
         <name>.text:key</name>
         <load_address>0x10bdc</load_address>
         <run_address>0x10bdc</run_address>
         <size>0x38c</size>
         <input_file_ref idref="fl-3"/>
      </object_component>
      <object_component id="oc-499">
         <name>.text:set_time</name>
         <load_address>0x10f68</load_address>
         <run_address>0x10f68</run_address>
         <size>0x376</size>
         <input_file_ref idref="fl-2"/>
      </object_component>
      <object_component id="oc-41a">
         <name>.text:show_time_12</name>
         <load_address>0x112de</load_address>
         <run_address>0x112de</run_address>
         <size>0x148</size>
         <input_file_ref idref="fl-2"/>
      </object_component>
      <object_component id="oc-5c2">
         <name>.text</name>
         <load_address>0x11426</load_address>
         <run_address>0x11426</run_address>
         <size>0x132</size>
         <input_file_ref idref="fl-28"/>
      </object_component>
      <object_component id="oc-3ec">
         <name>.text:get_key_value</name>
         <load_address>0x11558</load_address>
         <run_address>0x11558</run_address>
         <size>0x11a</size>
         <input_file_ref idref="fl-2"/>
      </object_component>
      <object_component id="oc-50f">
         <name>.text:OLED_Init</name>
         <load_address>0x11672</load_address>
         <run_address>0x11672</run_address>
         <size>0x112</size>
         <input_file_ref idref="fl-5"/>
      </object_component>
      <object_component id="oc-3fb">
         <name>.text:show_stopwatch</name>
         <load_address>0x11784</load_address>
         <run_address>0x11784</run_address>
         <size>0xfa</size>
         <input_file_ref idref="fl-2"/>
      </object_component>
      <object_component id="oc-4f4">
         <name>.text:show_time</name>
         <load_address>0x1187e</load_address>
         <run_address>0x1187e</run_address>
         <size>0xfa</size>
         <input_file_ref idref="fl-2"/>
      </object_component>
      <object_component id="oc-426">
         <name>.text:show_date</name>
         <load_address>0x11978</load_address>
         <run_address>0x11978</run_address>
         <size>0xca</size>
         <input_file_ref idref="fl-2"/>
      </object_component>
      <object_component id="oc-527">
         <name>.text:temp_AD</name>
         <load_address>0x11a42</load_address>
         <run_address>0x11a42</run_address>
         <size>0xc0</size>
         <input_file_ref idref="fl-2"/>
      </object_component>
      <object_component id="oc-5c8">
         <name>.text</name>
         <load_address>0x11b02</load_address>
         <run_address>0x11b02</run_address>
         <size>0xb8</size>
         <input_file_ref idref="fl-2b"/>
      </object_component>
      <object_component id="oc-4de">
         <name>.text:run_date</name>
         <load_address>0x11bba</load_address>
         <run_address>0x11bba</run_address>
         <size>0xa8</size>
         <input_file_ref idref="fl-2"/>
      </object_component>
      <object_component id="oc-42c">
         <name>.text:show_week</name>
         <load_address>0x11c62</load_address>
         <run_address>0x11c62</run_address>
         <size>0xa2</size>
         <input_file_ref idref="fl-2"/>
      </object_component>
      <object_component id="oc-408">
         <name>.text:run_time</name>
         <load_address>0x11d04</load_address>
         <run_address>0x11d04</run_address>
         <size>0x9a</size>
         <input_file_ref idref="fl-2"/>
      </object_component>
      <object_component id="oc-5bd">
         <name>.text</name>
         <load_address>0x11d9e</load_address>
         <run_address>0x11d9e</run_address>
         <size>0x90</size>
         <input_file_ref idref="fl-29"/>
      </object_component>
      <object_component id="oc-4ec">
         <name>.text:run_week</name>
         <load_address>0x11e2e</load_address>
         <run_address>0x11e2e</run_address>
         <size>0x86</size>
         <input_file_ref idref="fl-2"/>
      </object_component>
      <object_component id="oc-4a8">
         <name>.text:OLED_ShowNum</name>
         <load_address>0x11eb4</load_address>
         <run_address>0x11eb4</run_address>
         <size>0x82</size>
         <input_file_ref idref="fl-5"/>
      </object_component>
      <object_component id="oc-4d5">
         <name>.text:OLED_ShowCHinese</name>
         <load_address>0x11f36</load_address>
         <run_address>0x11f36</run_address>
         <size>0x76</size>
         <input_file_ref idref="fl-5"/>
      </object_component>
      <object_component id="oc-6d">
         <name>.text:decompress:lzss:__TI_decompress_lzss</name>
         <load_address>0x11fac</load_address>
         <run_address>0x11fac</run_address>
         <size>0x76</size>
         <input_file_ref idref="fl-51"/>
      </object_component>
      <object_component id="oc-4ae">
         <name>.text:OLED_ShowChar</name>
         <load_address>0x12022</load_address>
         <run_address>0x12022</run_address>
         <size>0x6e</size>
         <input_file_ref idref="fl-5"/>
      </object_component>
      <object_component id="oc-4bb">
         <name>.text:alarm_change</name>
         <load_address>0x12090</load_address>
         <run_address>0x12090</run_address>
         <size>0x6e</size>
         <input_file_ref idref="fl-2"/>
      </object_component>
      <object_component id="oc-5cd">
         <name>.text</name>
         <load_address>0x120fe</load_address>
         <run_address>0x120fe</run_address>
         <size>0x68</size>
         <input_file_ref idref="fl-2c"/>
      </object_component>
      <object_component id="oc-432">
         <name>.text:show_temp</name>
         <load_address>0x12166</load_address>
         <run_address>0x12166</run_address>
         <size>0x66</size>
         <input_file_ref idref="fl-2"/>
      </object_component>
      <object_component id="oc-552">
         <name>.text:__TI_auto_init_nobinit_nopinit_hold_wdt:__TI_auto_init_nobinit_nopinit_hold_wdt</name>
         <load_address>0x121cc</load_address>
         <run_address>0x121cc</run_address>
         <size>0x54</size>
         <input_file_ref idref="fl-4a"/>
      </object_component>
      <object_component id="oc-509">
         <name>.text:timerA_init</name>
         <load_address>0x12220</load_address>
         <run_address>0x12220</run_address>
         <size>0x54</size>
         <input_file_ref idref="fl-2"/>
      </object_component>
      <object_component id="oc-5b3">
         <name>.text</name>
         <load_address>0x12274</load_address>
         <run_address>0x12274</run_address>
         <size>0x4a</size>
         <input_file_ref idref="fl-2a"/>
      </object_component>
      <object_component id="oc-4c6">
         <name>.text:OLED_WR_Byte</name>
         <load_address>0x122be</load_address>
         <run_address>0x122be</run_address>
         <size>0x42</size>
         <input_file_ref idref="fl-5"/>
      </object_component>
      <object_component id="oc-40e">
         <name>.text:OLED_Clear</name>
         <load_address>0x12300</load_address>
         <run_address>0x12300</run_address>
         <size>0x40</size>
         <input_file_ref idref="fl-5"/>
      </object_component>
      <object_component id="oc-44e">
         <name>.text:write_flash_int</name>
         <load_address>0x12340</load_address>
         <run_address>0x12340</run_address>
         <size>0x40</size>
         <input_file_ref idref="fl-2"/>
      </object_component>
      <object_component id="oc-465">
         <name>.text:main</name>
         <load_address>0x12380</load_address>
         <run_address>0x12380</run_address>
         <size>0x3e</size>
         <input_file_ref idref="fl-2"/>
      </object_component>
      <object_component id="oc-43f">
         <name>.text:OLED_ShowString</name>
         <load_address>0x123be</load_address>
         <run_address>0x123be</run_address>
         <size>0x36</size>
         <input_file_ref idref="fl-5"/>
      </object_component>
      <object_component id="oc-420">
         <name>.text:run_date_year</name>
         <load_address>0x123f4</load_address>
         <run_address>0x123f4</run_address>
         <size>0x34</size>
         <input_file_ref idref="fl-2"/>
      </object_component>
      <object_component id="oc-4b5">
         <name>.text:init_key</name>
         <load_address>0x12428</load_address>
         <run_address>0x12428</run_address>
         <size>0x30</size>
         <input_file_ref idref="fl-3"/>
      </object_component>
      <object_component id="oc-515">
         <name>.text:temp_init</name>
         <load_address>0x12458</load_address>
         <run_address>0x12458</run_address>
         <size>0x2e</size>
         <input_file_ref idref="fl-2"/>
      </object_component>
      <object_component id="oc-4d0">
         <name>.text</name>
         <load_address>0x12486</load_address>
         <run_address>0x12486</run_address>
         <size>0x2c</size>
         <input_file_ref idref="fl-26"/>
      </object_component>
      <object_component id="oc-588">
         <name>.text:OLED_Set_Pos</name>
         <load_address>0x124b2</load_address>
         <run_address>0x124b2</run_address>
         <size>0x28</size>
         <input_file_ref idref="fl-5"/>
      </object_component>
      <object_component id="oc-3f2">
         <name>.text:mode</name>
         <load_address>0x124da</load_address>
         <run_address>0x124da</run_address>
         <size>0x26</size>
         <input_file_ref idref="fl-2"/>
      </object_component>
      <object_component id="oc-521">
         <name>.text:read</name>
         <load_address>0x12500</load_address>
         <run_address>0x12500</run_address>
         <size>0x26</size>
         <input_file_ref idref="fl-2"/>
      </object_component>
      <object_component id="oc-445">
         <name>.text:store</name>
         <load_address>0x12526</load_address>
         <run_address>0x12526</run_address>
         <size>0x26</size>
         <input_file_ref idref="fl-2"/>
      </object_component>
      <object_component id="oc-39e">
         <name>.text:decompress:ZI:__TI_zero_init_nomemset:__TI_zero_init_nomemset</name>
         <load_address>0x1254c</load_address>
         <run_address>0x1254c</run_address>
         <size>0x24</size>
         <input_file_ref idref="fl-4b"/>
      </object_component>
      <object_component id="oc-5b8">
         <name>.text</name>
         <load_address>0x12570</load_address>
         <run_address>0x12570</run_address>
         <size>0x24</size>
         <input_file_ref idref="fl-2d"/>
      </object_component>
      <object_component id="oc-5ae">
         <name>.text</name>
         <load_address>0x12594</load_address>
         <run_address>0x12594</run_address>
         <size>0x24</size>
         <input_file_ref idref="fl-46"/>
      </object_component>
      <object_component id="oc-51b">
         <name>.text:read_flash_int1</name>
         <load_address>0x125b8</load_address>
         <run_address>0x125b8</run_address>
         <size>0x1c</size>
         <input_file_ref idref="fl-2"/>
      </object_component>
      <object_component id="oc-4e4">
         <name>.text:run_year</name>
         <load_address>0x125d4</load_address>
         <run_address>0x125d4</run_address>
         <size>0x1c</size>
         <input_file_ref idref="fl-2"/>
      </object_component>
      <object_component id="oc-57c">
         <name>.text:oled_pow</name>
         <load_address>0x125f0</load_address>
         <run_address>0x125f0</run_address>
         <size>0x18</size>
         <input_file_ref idref="fl-5"/>
      </object_component>
      <object_component id="oc-490">
         <name>.text</name>
         <load_address>0x12608</load_address>
         <run_address>0x12608</run_address>
         <size>0x18</size>
         <input_file_ref idref="fl-43"/>
      </object_component>
      <object_component id="oc-438">
         <name>.text:display</name>
         <load_address>0x12620</load_address>
         <run_address>0x12620</run_address>
         <size>0x16</size>
         <input_file_ref idref="fl-2"/>
      </object_component>
      <object_component id="oc-582">
         <name>.text</name>
         <load_address>0x12636</load_address>
         <run_address>0x12636</run_address>
         <size>0x16</size>
         <input_file_ref idref="fl-27"/>
      </object_component>
      <object_component id="oc-37a">
         <name>.text:memcpy</name>
         <load_address>0x1264c</load_address>
         <run_address>0x1264c</run_address>
         <size>0x14</size>
         <input_file_ref idref="fl-55"/>
      </object_component>
      <object_component id="oc-73">
         <name>.text:decompress:none:__TI_decompress_none</name>
         <load_address>0x12660</load_address>
         <run_address>0x12660</run_address>
         <size>0x12</size>
         <input_file_ref idref="fl-50"/>
      </object_component>
      <object_component id="oc-52e">
         <name>.text:abort</name>
         <load_address>0x12672</load_address>
         <run_address>0x12672</run_address>
         <size>0x6</size>
         <input_file_ref idref="fl-52"/>
      </object_component>
      <object_component id="oc-45f">
         <name>.text:_system_pre_init</name>
         <load_address>0x12678</load_address>
         <run_address>0x12678</run_address>
         <size>0x4</size>
         <input_file_ref idref="fl-4e"/>
      </object_component>
      <object_component id="oc-5e6">
         <name>.text:_system_post_cinit</name>
         <load_address>0x1267c</load_address>
         <run_address>0x1267c</run_address>
         <size>0x2</size>
         <input_file_ref idref="fl-4f"/>
      </object_component>
      <object_component id="oc-38c">
         <name>.text:_isr:TIMER1_A0_ISR</name>
         <load_address>0x4400</load_address>
         <run_address>0x4400</run_address>
         <size>0x98</size>
         <input_file_ref idref="fl-2"/>
      </object_component>
      <object_component id="oc-392">
         <name>.text:_isr:TIMER0_A0_ISR</name>
         <load_address>0x4498</load_address>
         <run_address>0x4498</run_address>
         <size>0x72</size>
         <input_file_ref idref="fl-2"/>
      </object_component>
      <object_component id="oc-3b0">
         <name>.text:_isr:_c_int00_noargs</name>
         <load_address>0x450a</load_address>
         <run_address>0x450a</run_address>
         <size>0x1c</size>
         <input_file_ref idref="fl-49"/>
      </object_component>
      <object_component id="oc-398">
         <name>.text:_isr:ADC12ISR</name>
         <load_address>0x4526</load_address>
         <run_address>0x4526</run_address>
         <size>0x16</size>
         <input_file_ref idref="fl-2"/>
      </object_component>
      <object_component id="oc-387">
         <name>.text:_isr:__TI_ISR_TRAP</name>
         <load_address>0x453c</load_address>
         <run_address>0x453c</run_address>
         <size>0x8</size>
         <input_file_ref idref="fl-41"/>
      </object_component>
      <object_component id="oc-6c1">
         <name>.cinit..data.load</name>
         <load_address>0x4f20</load_address>
         <run_address>0x4f20</run_address>
         <size>0x17</size>
      </object_component>
      <object_component id="oc-6be">
         <name>__TI_handler_table</name>
         <load_address>0x4f38</load_address>
         <run_address>0x4f38</run_address>
         <size>0xc</size>
      </object_component>
      <object_component id="oc-6c0">
         <name>.cinit..bss.load</name>
         <load_address>0x4f44</load_address>
         <run_address>0x4f44</run_address>
         <size>0x6</size>
      </object_component>
      <object_component id="oc-6bf">
         <name>__TI_cinit_table</name>
         <load_address>0x4f4a</load_address>
         <run_address>0x4f4a</run_address>
         <size>0x10</size>
      </object_component>
      <object_component id="oc-58e">
         <name>.const:.string:F8X16</name>
         <load_address>0x4544</load_address>
         <run_address>0x4544</run_address>
         <size>0x5f0</size>
         <input_file_ref idref="fl-5"/>
      </object_component>
      <object_component id="oc-59a">
         <name>.const:Hzk</name>
         <load_address>0x4b34</load_address>
         <run_address>0x4b34</run_address>
         <size>0x380</size>
         <input_file_ref idref="fl-5"/>
      </object_component>
      <object_component id="oc-43e">
         <name>.const:.string</name>
         <load_address>0x4eb4</load_address>
         <run_address>0x4eb4</run_address>
         <size>0x44</size>
         <input_file_ref idref="fl-2"/>
      </object_component>
      <object_component id="oc-4cd">
         <name>.const:$P$T1$2</name>
         <load_address>0x4ef8</load_address>
         <run_address>0x4ef8</run_address>
         <size>0x10</size>
         <input_file_ref idref="fl-2"/>
      </object_component>
      <object_component id="oc-574">
         <name>.const:$P$T0$1</name>
         <load_address>0x4f08</load_address>
         <run_address>0x4f08</run_address>
         <size>0xc</size>
         <input_file_ref idref="fl-2"/>
      </object_component>
      <object_component id="oc-578">
         <name>.const:$P$T2$3</name>
         <load_address>0x4f14</load_address>
         <run_address>0x4f14</run_address>
         <size>0xc</size>
         <input_file_ref idref="fl-2"/>
      </object_component>
      <object_component id="oc-650">
         <name>.binit</name>
         <load_address>0x4400</load_address>
         <run_address>0x4400</run_address>
         <size>0x0</size>
      </object_component>
      <object_component id="oc-79">
         <name>.int41</name>
         <load_address>0xffd2</load_address>
         <run_address>0xffd2</run_address>
         <size>0x2</size>
         <input_file_ref idref="fl-2e"/>
      </object_component>
      <object_component id="oc-7a">
         <name>.int42</name>
         <load_address>0xffd4</load_address>
         <run_address>0xffd4</run_address>
         <size>0x2</size>
         <input_file_ref idref="fl-2f"/>
      </object_component>
      <object_component id="oc-7b">
         <name>.int43</name>
         <load_address>0xffd6</load_address>
         <run_address>0xffd6</run_address>
         <size>0x2</size>
         <input_file_ref idref="fl-30"/>
      </object_component>
      <object_component id="oc-7c">
         <name>.int44</name>
         <load_address>0xffd8</load_address>
         <run_address>0xffd8</run_address>
         <size>0x2</size>
         <input_file_ref idref="fl-31"/>
      </object_component>
      <object_component id="oc-7d">
         <name>.int45</name>
         <load_address>0xffda</load_address>
         <run_address>0xffda</run_address>
         <size>0x2</size>
         <input_file_ref idref="fl-32"/>
      </object_component>
      <object_component id="oc-7e">
         <name>.int46</name>
         <load_address>0xffdc</load_address>
         <run_address>0xffdc</run_address>
         <size>0x2</size>
         <input_file_ref idref="fl-33"/>
      </object_component>
      <object_component id="oc-7f">
         <name>.int47</name>
         <load_address>0xffde</load_address>
         <run_address>0xffde</run_address>
         <size>0x2</size>
         <input_file_ref idref="fl-34"/>
      </object_component>
      <object_component id="oc-80">
         <name>.int48</name>
         <load_address>0xffe0</load_address>
         <run_address>0xffe0</run_address>
         <size>0x2</size>
         <input_file_ref idref="fl-35"/>
      </object_component>
      <object_component id="oc-81">
         <name>.int49</name>
         <load_address>0xffe2</load_address>
         <run_address>0xffe2</run_address>
         <size>0x2</size>
         <input_file_ref idref="fl-2"/>
      </object_component>
      <object_component id="oc-82">
         <name>.int50</name>
         <load_address>0xffe4</load_address>
         <run_address>0xffe4</run_address>
         <size>0x2</size>
         <input_file_ref idref="fl-36"/>
      </object_component>
      <object_component id="oc-83">
         <name>.int51</name>
         <load_address>0xffe6</load_address>
         <run_address>0xffe6</run_address>
         <size>0x2</size>
         <input_file_ref idref="fl-37"/>
      </object_component>
      <object_component id="oc-84">
         <name>.int52</name>
         <load_address>0xffe8</load_address>
         <run_address>0xffe8</run_address>
         <size>0x2</size>
         <input_file_ref idref="fl-38"/>
      </object_component>
      <object_component id="oc-85">
         <name>.int53</name>
         <load_address>0xffea</load_address>
         <run_address>0xffea</run_address>
         <size>0x2</size>
         <input_file_ref idref="fl-2"/>
      </object_component>
      <object_component id="oc-86">
         <name>.int54</name>
         <load_address>0xffec</load_address>
         <run_address>0xffec</run_address>
         <size>0x2</size>
         <input_file_ref idref="fl-2"/>
      </object_component>
      <object_component id="oc-87">
         <name>.int55</name>
         <load_address>0xffee</load_address>
         <run_address>0xffee</run_address>
         <size>0x2</size>
         <input_file_ref idref="fl-39"/>
      </object_component>
      <object_component id="oc-88">
         <name>.int56</name>
         <load_address>0xfff0</load_address>
         <run_address>0xfff0</run_address>
         <size>0x2</size>
         <input_file_ref idref="fl-3a"/>
      </object_component>
      <object_component id="oc-89">
         <name>.int57</name>
         <load_address>0xfff2</load_address>
         <run_address>0xfff2</run_address>
         <size>0x2</size>
         <input_file_ref idref="fl-3b"/>
      </object_component>
      <object_component id="oc-8a">
         <name>.int58</name>
         <load_address>0xfff4</load_address>
         <run_address>0xfff4</run_address>
         <size>0x2</size>
         <input_file_ref idref="fl-3c"/>
      </object_component>
      <object_component id="oc-8b">
         <name>.int59</name>
         <load_address>0xfff6</load_address>
         <run_address>0xfff6</run_address>
         <size>0x2</size>
         <input_file_ref idref="fl-3d"/>
      </object_component>
      <object_component id="oc-8c">
         <name>.int60</name>
         <load_address>0xfff8</load_address>
         <run_address>0xfff8</run_address>
         <size>0x2</size>
         <input_file_ref idref="fl-3e"/>
      </object_component>
      <object_component id="oc-8d">
         <name>.int61</name>
         <load_address>0xfffa</load_address>
         <run_address>0xfffa</run_address>
         <size>0x2</size>
         <input_file_ref idref="fl-3f"/>
      </object_component>
      <object_component id="oc-8e">
         <name>.int62</name>
         <load_address>0xfffc</load_address>
         <run_address>0xfffc</run_address>
         <size>0x2</size>
         <input_file_ref idref="fl-40"/>
      </object_component>
      <object_component id="oc-36e">
         <name>.reset</name>
         <load_address>0xfffe</load_address>
         <run_address>0xfffe</run_address>
         <size>0x2</size>
         <input_file_ref idref="fl-49"/>
      </object_component>
      <object_component id="oc-44c">
         <name>.debug_info</name>
         <load_address>0x0</load_address>
         <run_address>0x0</run_address>
         <size>0x6c9</size>
         <input_file_ref idref="fl-2"/>
      </object_component>
      <object_component id="oc-3f9">
         <name>.debug_info</name>
         <load_address>0x6c9</load_address>
         <run_address>0x6c9</run_address>
         <size>0x2af</size>
         <input_file_ref idref="fl-2"/>
      </object_component>
      <object_component id="oc-496">
         <name>.debug_info</name>
         <load_address>0x978</load_address>
         <run_address>0x978</run_address>
         <size>0xd1</size>
         <input_file_ref idref="fl-2"/>
      </object_component>
      <object_component id="oc-4c3">
         <name>.debug_info</name>
         <load_address>0xa49</load_address>
         <run_address>0xa49</run_address>
         <size>0xdd</size>
         <input_file_ref idref="fl-2"/>
      </object_component>
      <object_component id="oc-575">
         <name>.debug_info</name>
         <load_address>0xb26</load_address>
         <run_address>0xb26</run_address>
         <size>0xd3</size>
         <input_file_ref idref="fl-2"/>
      </object_component>
      <object_component id="oc-4ce">
         <name>.debug_info</name>
         <load_address>0xbf9</load_address>
         <run_address>0xbf9</run_address>
         <size>0xd3</size>
         <input_file_ref idref="fl-2"/>
      </object_component>
      <object_component id="oc-579">
         <name>.debug_info</name>
         <load_address>0xccc</load_address>
         <run_address>0xccc</run_address>
         <size>0xd3</size>
         <input_file_ref idref="fl-2"/>
      </object_component>
      <object_component id="oc-450">
         <name>.debug_info</name>
         <load_address>0xd9f</load_address>
         <run_address>0xd9f</run_address>
         <size>0x1b6</size>
         <input_file_ref idref="fl-2"/>
      </object_component>
      <object_component id="oc-50a">
         <name>.debug_info</name>
         <load_address>0xf55</load_address>
         <run_address>0xf55</run_address>
         <size>0x117</size>
         <input_file_ref idref="fl-2"/>
      </object_component>
      <object_component id="oc-516">
         <name>.debug_info</name>
         <load_address>0x106c</load_address>
         <run_address>0x106c</run_address>
         <size>0x114</size>
         <input_file_ref idref="fl-2"/>
      </object_component>
      <object_component id="oc-529">
         <name>.debug_info</name>
         <load_address>0x1180</load_address>
         <run_address>0x1180</run_address>
         <size>0x1de</size>
         <input_file_ref idref="fl-2"/>
      </object_component>
      <object_component id="oc-447">
         <name>.debug_info</name>
         <load_address>0x135e</load_address>
         <run_address>0x135e</run_address>
         <size>0x10e</size>
         <input_file_ref idref="fl-2"/>
      </object_component>
      <object_component id="oc-4ed">
         <name>.debug_info</name>
         <load_address>0x146c</load_address>
         <run_address>0x146c</run_address>
         <size>0x1c3</size>
         <input_file_ref idref="fl-2"/>
      </object_component>
      <object_component id="oc-42e">
         <name>.debug_info</name>
         <load_address>0x162f</load_address>
         <run_address>0x162f</run_address>
         <size>0x1bf</size>
         <input_file_ref idref="fl-2"/>
      </object_component>
      <object_component id="oc-41c">
         <name>.debug_info</name>
         <load_address>0x17ee</load_address>
         <run_address>0x17ee</run_address>
         <size>0x21b</size>
         <input_file_ref idref="fl-2"/>
      </object_component>
      <object_component id="oc-4f6">
         <name>.debug_info</name>
         <load_address>0x1a09</load_address>
         <run_address>0x1a09</run_address>
         <size>0x1e9</size>
         <input_file_ref idref="fl-2"/>
      </object_component>
      <object_component id="oc-434">
         <name>.debug_info</name>
         <load_address>0x1bf2</load_address>
         <run_address>0x1bf2</run_address>
         <size>0x190</size>
         <input_file_ref idref="fl-2"/>
      </object_component>
      <object_component id="oc-3fc">
         <name>.debug_info</name>
         <load_address>0x1d82</load_address>
         <run_address>0x1d82</run_address>
         <size>0x1f3</size>
         <input_file_ref idref="fl-2"/>
      </object_component>
      <object_component id="oc-427">
         <name>.debug_info</name>
         <load_address>0x1f75</load_address>
         <run_address>0x1f75</run_address>
         <size>0x1c3</size>
         <input_file_ref idref="fl-2"/>
      </object_component>
      <object_component id="oc-4a0">
         <name>.debug_info</name>
         <load_address>0x2138</load_address>
         <run_address>0x2138</run_address>
         <size>0x410</size>
         <input_file_ref idref="fl-2"/>
      </object_component>
      <object_component id="oc-4df">
         <name>.debug_info</name>
         <load_address>0x2548</load_address>
         <run_address>0x2548</run_address>
         <size>0x15d</size>
         <input_file_ref idref="fl-2"/>
      </object_component>
      <object_component id="oc-4e5">
         <name>.debug_info</name>
         <load_address>0x26a5</load_address>
         <run_address>0x26a5</run_address>
         <size>0x114</size>
         <input_file_ref idref="fl-2"/>
      </object_component>
      <object_component id="oc-421">
         <name>.debug_info</name>
         <load_address>0x27b9</load_address>
         <run_address>0x27b9</run_address>
         <size>0x14c</size>
         <input_file_ref idref="fl-2"/>
      </object_component>
      <object_component id="oc-49a">
         <name>.debug_info</name>
         <load_address>0x2905</load_address>
         <run_address>0x2905</run_address>
         <size>0x369</size>
         <input_file_ref idref="fl-2"/>
      </object_component>
      <object_component id="oc-439">
         <name>.debug_info</name>
         <load_address>0x2c6e</load_address>
         <run_address>0x2c6e</run_address>
         <size>0x166</size>
         <input_file_ref idref="fl-2"/>
      </object_component>
      <object_component id="oc-415">
         <name>.debug_info</name>
         <load_address>0x2dd4</load_address>
         <run_address>0x2dd4</run_address>
         <size>0x437</size>
         <input_file_ref idref="fl-2"/>
      </object_component>
      <object_component id="oc-4bc">
         <name>.debug_info</name>
         <load_address>0x320b</load_address>
         <run_address>0x320b</run_address>
         <size>0x19f</size>
         <input_file_ref idref="fl-2"/>
      </object_component>
      <object_component id="oc-402">
         <name>.debug_info</name>
         <load_address>0x33aa</load_address>
         <run_address>0x33aa</run_address>
         <size>0x5ba</size>
         <input_file_ref idref="fl-2"/>
      </object_component>
      <object_component id="oc-409">
         <name>.debug_info</name>
         <load_address>0x3964</load_address>
         <run_address>0x3964</run_address>
         <size>0x147</size>
         <input_file_ref idref="fl-2"/>
      </object_component>
      <object_component id="oc-51c">
         <name>.debug_info</name>
         <load_address>0x3aab</load_address>
         <run_address>0x3aab</run_address>
         <size>0x1b2</size>
         <input_file_ref idref="fl-2"/>
      </object_component>
      <object_component id="oc-522">
         <name>.debug_info</name>
         <load_address>0x3c5d</load_address>
         <run_address>0x3c5d</run_address>
         <size>0x10c</size>
         <input_file_ref idref="fl-2"/>
      </object_component>
      <object_component id="oc-3f3">
         <name>.debug_info</name>
         <load_address>0x3d69</load_address>
         <run_address>0x3d69</run_address>
         <size>0x143</size>
         <input_file_ref idref="fl-2"/>
      </object_component>
      <object_component id="oc-466">
         <name>.debug_info</name>
         <load_address>0x3eac</load_address>
         <run_address>0x3eac</run_address>
         <size>0x187</size>
         <input_file_ref idref="fl-2"/>
      </object_component>
      <object_component id="oc-3ed">
         <name>.debug_info</name>
         <load_address>0x4033</load_address>
         <run_address>0x4033</run_address>
         <size>0x13c</size>
         <input_file_ref idref="fl-2"/>
      </object_component>
      <object_component id="oc-38d">
         <name>.debug_info</name>
         <load_address>0x416f</load_address>
         <run_address>0x416f</run_address>
         <size>0x1b3</size>
         <input_file_ref idref="fl-2"/>
      </object_component>
      <object_component id="oc-393">
         <name>.debug_info</name>
         <load_address>0x4322</load_address>
         <run_address>0x4322</run_address>
         <size>0x1f8</size>
         <input_file_ref idref="fl-2"/>
      </object_component>
      <object_component id="oc-399">
         <name>.debug_info</name>
         <load_address>0x451a</load_address>
         <run_address>0x451a</run_address>
         <size>0x112</size>
         <input_file_ref idref="fl-2"/>
      </object_component>
      <object_component id="oc-500">
         <name>.debug_info</name>
         <load_address>0x462c</load_address>
         <run_address>0x462c</run_address>
         <size>0x26b</size>
         <input_file_ref idref="fl-2"/>
      </object_component>
      <object_component id="oc-375">
         <name>.debug_info</name>
         <load_address>0x4897</load_address>
         <run_address>0x4897</run_address>
         <size>0x84</size>
         <input_file_ref idref="fl-2"/>
      </object_component>
      <object_component id="oc-5a4">
         <name>.debug_info</name>
         <load_address>0x491b</load_address>
         <run_address>0x491b</run_address>
         <size>0x282</size>
         <input_file_ref idref="fl-2"/>
      </object_component>
      <object_component id="oc-56e">
         <name>.debug_info</name>
         <load_address>0x4b9d</load_address>
         <run_address>0x4b9d</run_address>
         <size>0x25a</size>
         <input_file_ref idref="fl-3"/>
      </object_component>
      <object_component id="oc-48c">
         <name>.debug_info</name>
         <load_address>0x4df7</load_address>
         <run_address>0x4df7</run_address>
         <size>0x115</size>
         <input_file_ref idref="fl-3"/>
      </object_component>
      <object_component id="oc-4b8">
         <name>.debug_info</name>
         <load_address>0x4f0c</load_address>
         <run_address>0x4f0c</run_address>
         <size>0x102</size>
         <input_file_ref idref="fl-3"/>
      </object_component>
      <object_component id="oc-4fc">
         <name>.debug_info</name>
         <load_address>0x500e</load_address>
         <run_address>0x500e</run_address>
         <size>0x1fe</size>
         <input_file_ref idref="fl-5"/>
      </object_component>
      <object_component id="oc-58f">
         <name>.debug_info</name>
         <load_address>0x520c</load_address>
         <run_address>0x520c</run_address>
         <size>0xcb</size>
         <input_file_ref idref="fl-5"/>
      </object_component>
      <object_component id="oc-59b">
         <name>.debug_info</name>
         <load_address>0x52d7</load_address>
         <run_address>0x52d7</run_address>
         <size>0xc7</size>
         <input_file_ref idref="fl-5"/>
      </object_component>
      <object_component id="oc-57d">
         <name>.debug_info</name>
         <load_address>0x539e</load_address>
         <run_address>0x539e</run_address>
         <size>0x15e</size>
         <input_file_ref idref="fl-5"/>
      </object_component>
      <object_component id="oc-4c9">
         <name>.debug_info</name>
         <load_address>0x54fc</load_address>
         <run_address>0x54fc</run_address>
         <size>0x154</size>
         <input_file_ref idref="fl-5"/>
      </object_component>
      <object_component id="oc-58a">
         <name>.debug_info</name>
         <load_address>0x5650</load_address>
         <run_address>0x5650</run_address>
         <size>0x172</size>
         <input_file_ref idref="fl-5"/>
      </object_component>
      <object_component id="oc-4b1">
         <name>.debug_info</name>
         <load_address>0x57c2</load_address>
         <run_address>0x57c2</run_address>
         <size>0x1ac</size>
         <input_file_ref idref="fl-5"/>
      </object_component>
      <object_component id="oc-440">
         <name>.debug_info</name>
         <load_address>0x596e</load_address>
         <run_address>0x596e</run_address>
         <size>0x17c</size>
         <input_file_ref idref="fl-5"/>
      </object_component>
      <object_component id="oc-4ab">
         <name>.debug_info</name>
         <load_address>0x5aea</load_address>
         <run_address>0x5aea</run_address>
         <size>0x254</size>
         <input_file_ref idref="fl-5"/>
      </object_component>
      <object_component id="oc-4d6">
         <name>.debug_info</name>
         <load_address>0x5d3e</load_address>
         <run_address>0x5d3e</run_address>
         <size>0x1b2</size>
         <input_file_ref idref="fl-5"/>
      </object_component>
      <object_component id="oc-410">
         <name>.debug_info</name>
         <load_address>0x5ef0</load_address>
         <run_address>0x5ef0</run_address>
         <size>0x16b</size>
         <input_file_ref idref="fl-5"/>
      </object_component>
      <object_component id="oc-512">
         <name>.debug_info</name>
         <load_address>0x605b</load_address>
         <run_address>0x605b</run_address>
         <size>0x353</size>
         <input_file_ref idref="fl-5"/>
      </object_component>
      <object_component id="oc-4d1">
         <name>.debug_info</name>
         <load_address>0x63ae</load_address>
         <run_address>0x63ae</run_address>
         <size>0x135</size>
         <input_file_ref idref="fl-26"/>
      </object_component>
      <object_component id="oc-585">
         <name>.debug_info</name>
         <load_address>0x64e3</load_address>
         <run_address>0x64e3</run_address>
         <size>0x121</size>
         <input_file_ref idref="fl-27"/>
      </object_component>
      <object_component id="oc-5c4">
         <name>.debug_info</name>
         <load_address>0x6604</load_address>
         <run_address>0x6604</run_address>
         <size>0x121</size>
         <input_file_ref idref="fl-28"/>
      </object_component>
      <object_component id="oc-5be">
         <name>.debug_info</name>
         <load_address>0x6725</load_address>
         <run_address>0x6725</run_address>
         <size>0x121</size>
         <input_file_ref idref="fl-29"/>
      </object_component>
      <object_component id="oc-5b4">
         <name>.debug_info</name>
         <load_address>0x6846</load_address>
         <run_address>0x6846</run_address>
         <size>0x12c</size>
         <input_file_ref idref="fl-2a"/>
      </object_component>
      <object_component id="oc-5cb">
         <name>.debug_info</name>
         <load_address>0x6972</load_address>
         <run_address>0x6972</run_address>
         <size>0x121</size>
         <input_file_ref idref="fl-2b"/>
      </object_component>
      <object_component id="oc-5ce">
         <name>.debug_info</name>
         <load_address>0x6a93</load_address>
         <run_address>0x6a93</run_address>
         <size>0x135</size>
         <input_file_ref idref="fl-2c"/>
      </object_component>
      <object_component id="oc-5b9">
         <name>.debug_info</name>
         <load_address>0x6bc8</load_address>
         <run_address>0x6bc8</run_address>
         <size>0x124</size>
         <input_file_ref idref="fl-2d"/>
      </object_component>
      <object_component id="oc-38a">
         <name>.debug_info</name>
         <load_address>0x6cec</load_address>
         <run_address>0x6cec</run_address>
         <size>0x10f</size>
         <input_file_ref idref="fl-41"/>
      </object_component>
      <object_component id="oc-492">
         <name>.debug_info</name>
         <load_address>0x6dfb</load_address>
         <run_address>0x6dfb</run_address>
         <size>0x130</size>
         <input_file_ref idref="fl-43"/>
      </object_component>
      <object_component id="oc-5af">
         <name>.debug_info</name>
         <load_address>0x6f2b</load_address>
         <run_address>0x6f2b</run_address>
         <size>0x130</size>
         <input_file_ref idref="fl-46"/>
      </object_component>
      <object_component id="oc-36c">
         <name>.debug_info</name>
         <load_address>0x705b</load_address>
         <run_address>0x705b</run_address>
         <size>0x100</size>
         <input_file_ref idref="fl-49"/>
      </object_component>
      <object_component id="oc-3b1">
         <name>.debug_info</name>
         <load_address>0x715b</load_address>
         <run_address>0x715b</run_address>
         <size>0x17a</size>
         <input_file_ref idref="fl-49"/>
      </object_component>
      <object_component id="oc-5ed">
         <name>.debug_info</name>
         <load_address>0x72d5</load_address>
         <run_address>0x72d5</run_address>
         <size>0x3fc</size>
         <input_file_ref idref="fl-4a"/>
      </object_component>
      <object_component id="oc-553">
         <name>.debug_info</name>
         <load_address>0x76d1</load_address>
         <run_address>0x76d1</run_address>
         <size>0x230</size>
         <input_file_ref idref="fl-4a"/>
      </object_component>
      <object_component id="oc-632">
         <name>.debug_info</name>
         <load_address>0x7901</load_address>
         <run_address>0x7901</run_address>
         <size>0x39</size>
         <input_file_ref idref="fl-4a"/>
      </object_component>
      <object_component id="oc-63e">
         <name>.debug_info</name>
         <load_address>0x793a</load_address>
         <run_address>0x793a</run_address>
         <size>0x2c</size>
         <input_file_ref idref="fl-4a"/>
      </object_component>
      <object_component id="oc-5f8">
         <name>.debug_info</name>
         <load_address>0x7966</load_address>
         <run_address>0x7966</run_address>
         <size>0x2c</size>
         <input_file_ref idref="fl-4a"/>
      </object_component>
      <object_component id="oc-637">
         <name>.debug_info</name>
         <load_address>0x7992</load_address>
         <run_address>0x7992</run_address>
         <size>0xcd</size>
         <input_file_ref idref="fl-4a"/>
      </object_component>
      <object_component id="oc-45d">
         <name>.debug_info</name>
         <load_address>0x7a5f</load_address>
         <run_address>0x7a5f</run_address>
         <size>0x17f</size>
         <input_file_ref idref="fl-4b"/>
      </object_component>
      <object_component id="oc-3a0">
         <name>.debug_info</name>
         <load_address>0x7bde</load_address>
         <run_address>0x7bde</run_address>
         <size>0x1d7</size>
         <input_file_ref idref="fl-4b"/>
      </object_component>
      <object_component id="oc-458">
         <name>.debug_info</name>
         <load_address>0x7db5</load_address>
         <run_address>0x7db5</run_address>
         <size>0x46</size>
         <input_file_ref idref="fl-4b"/>
      </object_component>
      <object_component id="oc-3e4">
         <name>.debug_info</name>
         <load_address>0x7dfb</load_address>
         <run_address>0x7dfb</run_address>
         <size>0x2c</size>
         <input_file_ref idref="fl-4c"/>
      </object_component>
      <object_component id="oc-460">
         <name>.debug_info</name>
         <load_address>0x7e27</load_address>
         <run_address>0x7e27</run_address>
         <size>0x153</size>
         <input_file_ref idref="fl-4e"/>
      </object_component>
      <object_component id="oc-5e8">
         <name>.debug_info</name>
         <load_address>0x7f7a</load_address>
         <run_address>0x7f7a</run_address>
         <size>0x150</size>
         <input_file_ref idref="fl-4f"/>
      </object_component>
      <object_component id="oc-386">
         <name>.debug_info</name>
         <load_address>0x80ca</load_address>
         <run_address>0x80ca</run_address>
         <size>0x18f</size>
         <input_file_ref idref="fl-50"/>
      </object_component>
      <object_component id="oc-75">
         <name>.debug_info</name>
         <load_address>0x8259</load_address>
         <run_address>0x8259</run_address>
         <size>0x1d3</size>
         <input_file_ref idref="fl-50"/>
      </object_component>
      <object_component id="oc-381">
         <name>.debug_info</name>
         <load_address>0x842c</load_address>
         <run_address>0x842c</run_address>
         <size>0x46</size>
         <input_file_ref idref="fl-50"/>
      </object_component>
      <object_component id="oc-3e1">
         <name>.debug_info</name>
         <load_address>0x8472</load_address>
         <run_address>0x8472</run_address>
         <size>0x17b</size>
         <input_file_ref idref="fl-51"/>
      </object_component>
      <object_component id="oc-71">
         <name>.debug_info</name>
         <load_address>0x85ed</load_address>
         <run_address>0x85ed</run_address>
         <size>0x250</size>
         <input_file_ref idref="fl-51"/>
      </object_component>
      <object_component id="oc-370">
         <name>.debug_info</name>
         <load_address>0x883d</load_address>
         <run_address>0x883d</run_address>
         <size>0x60</size>
         <input_file_ref idref="fl-51"/>
      </object_component>
      <object_component id="oc-481">
         <name>.debug_info</name>
         <load_address>0x889d</load_address>
         <run_address>0x889d</run_address>
         <size>0x46</size>
         <input_file_ref idref="fl-51"/>
      </object_component>
      <object_component id="oc-3dc">
         <name>.debug_info</name>
         <load_address>0x88e3</load_address>
         <run_address>0x88e3</run_address>
         <size>0x39</size>
         <input_file_ref idref="fl-51"/>
      </object_component>
      <object_component id="oc-52f">
         <name>.debug_info</name>
         <load_address>0x891c</load_address>
         <run_address>0x891c</run_address>
         <size>0x122</size>
         <input_file_ref idref="fl-52"/>
      </object_component>
      <object_component id="oc-3e3">
         <name>.debug_info</name>
         <load_address>0x8a3e</load_address>
         <run_address>0x8a3e</run_address>
         <size>0x19a</size>
         <input_file_ref idref="fl-55"/>
      </object_component>
      <object_component id="oc-37d">
         <name>.debug_info</name>
         <load_address>0x8bd8</load_address>
         <run_address>0x8bd8</run_address>
         <size>0x17a</size>
         <input_file_ref idref="fl-55"/>
      </object_component>
      <object_component id="oc-6c5">
         <name>.debug_info</name>
         <load_address>0x8d52</load_address>
         <run_address>0x8d52</run_address>
         <size>0x9b</size>
      </object_component>
      <object_component id="oc-4ff">
         <name>.debug_line</name>
         <load_address>0x0</load_address>
         <run_address>0x0</run_address>
         <size>0x9d</size>
         <input_file_ref idref="fl-2"/>
      </object_component>
      <object_component id="oc-4a7">
         <name>.debug_line</name>
         <load_address>0x9d</load_address>
         <run_address>0x9d</run_address>
         <size>0x36</size>
         <input_file_ref idref="fl-2"/>
      </object_component>
      <object_component id="oc-573">
         <name>.debug_line</name>
         <load_address>0xd3</load_address>
         <run_address>0xd3</run_address>
         <size>0x36</size>
         <input_file_ref idref="fl-2"/>
      </object_component>
      <object_component id="oc-595">
         <name>.debug_line</name>
         <load_address>0x109</load_address>
         <run_address>0x109</run_address>
         <size>0x36</size>
         <input_file_ref idref="fl-2"/>
      </object_component>
      <object_component id="oc-60a">
         <name>.debug_line</name>
         <load_address>0x13f</load_address>
         <run_address>0x13f</run_address>
         <size>0x36</size>
         <input_file_ref idref="fl-2"/>
      </object_component>
      <object_component id="oc-598">
         <name>.debug_line</name>
         <load_address>0x175</load_address>
         <run_address>0x175</run_address>
         <size>0x36</size>
         <input_file_ref idref="fl-2"/>
      </object_component>
      <object_component id="oc-60c">
         <name>.debug_line</name>
         <load_address>0x1ab</load_address>
         <run_address>0x1ab</run_address>
         <size>0x36</size>
         <input_file_ref idref="fl-2"/>
      </object_component>
      <object_component id="oc-44f">
         <name>.debug_line</name>
         <load_address>0x1e1</load_address>
         <run_address>0x1e1</run_address>
         <size>0x5d</size>
         <input_file_ref idref="fl-2"/>
      </object_component>
      <object_component id="oc-50d">
         <name>.debug_line</name>
         <load_address>0x23e</load_address>
         <run_address>0x23e</run_address>
         <size>0x5a</size>
         <input_file_ref idref="fl-2"/>
      </object_component>
      <object_component id="oc-519">
         <name>.debug_line</name>
         <load_address>0x298</load_address>
         <run_address>0x298</run_address>
         <size>0x52</size>
         <input_file_ref idref="fl-2"/>
      </object_component>
      <object_component id="oc-528">
         <name>.debug_line</name>
         <load_address>0x2ea</load_address>
         <run_address>0x2ea</run_address>
         <size>0x56</size>
         <input_file_ref idref="fl-2"/>
      </object_component>
      <object_component id="oc-446">
         <name>.debug_line</name>
         <load_address>0x340</load_address>
         <run_address>0x340</run_address>
         <size>0x51</size>
         <input_file_ref idref="fl-2"/>
      </object_component>
      <object_component id="oc-4f0">
         <name>.debug_line</name>
         <load_address>0x391</load_address>
         <run_address>0x391</run_address>
         <size>0x5c</size>
         <input_file_ref idref="fl-2"/>
      </object_component>
      <object_component id="oc-42d">
         <name>.debug_line</name>
         <load_address>0x3ed</load_address>
         <run_address>0x3ed</run_address>
         <size>0x6e</size>
         <input_file_ref idref="fl-2"/>
      </object_component>
      <object_component id="oc-41b">
         <name>.debug_line</name>
         <load_address>0x45b</load_address>
         <run_address>0x45b</run_address>
         <size>0x6e</size>
         <input_file_ref idref="fl-2"/>
      </object_component>
      <object_component id="oc-4f5">
         <name>.debug_line</name>
         <load_address>0x4c9</load_address>
         <run_address>0x4c9</run_address>
         <size>0x63</size>
         <input_file_ref idref="fl-2"/>
      </object_component>
      <object_component id="oc-433">
         <name>.debug_line</name>
         <load_address>0x52c</load_address>
         <run_address>0x52c</run_address>
         <size>0x4f</size>
         <input_file_ref idref="fl-2"/>
      </object_component>
      <object_component id="oc-3ff">
         <name>.debug_line</name>
         <load_address>0x57b</load_address>
         <run_address>0x57b</run_address>
         <size>0x63</size>
         <input_file_ref idref="fl-2"/>
      </object_component>
      <object_component id="oc-42a">
         <name>.debug_line</name>
         <load_address>0x5de</load_address>
         <run_address>0x5de</run_address>
         <size>0x5c</size>
         <input_file_ref idref="fl-2"/>
      </object_component>
      <object_component id="oc-4a4">
         <name>.debug_line</name>
         <load_address>0x63a</load_address>
         <run_address>0x63a</run_address>
         <size>0x162</size>
         <input_file_ref idref="fl-2"/>
      </object_component>
      <object_component id="oc-4e3">
         <name>.debug_line</name>
         <load_address>0x79c</load_address>
         <run_address>0x79c</run_address>
         <size>0x71</size>
         <input_file_ref idref="fl-2"/>
      </object_component>
      <object_component id="oc-4e9">
         <name>.debug_line</name>
         <load_address>0x80d</load_address>
         <run_address>0x80d</run_address>
         <size>0x51</size>
         <input_file_ref idref="fl-2"/>
      </object_component>
      <object_component id="oc-424">
         <name>.debug_line</name>
         <load_address>0x85e</load_address>
         <run_address>0x85e</run_address>
         <size>0x52</size>
         <input_file_ref idref="fl-2"/>
      </object_component>
      <object_component id="oc-49d">
         <name>.debug_line</name>
         <load_address>0x8b0</load_address>
         <run_address>0x8b0</run_address>
         <size>0x13b</size>
         <input_file_ref idref="fl-2"/>
      </object_component>
      <object_component id="oc-43c">
         <name>.debug_line</name>
         <load_address>0x9eb</load_address>
         <run_address>0x9eb</run_address>
         <size>0x50</size>
         <input_file_ref idref="fl-2"/>
      </object_component>
      <object_component id="oc-418">
         <name>.debug_line</name>
         <load_address>0xa3b</load_address>
         <run_address>0xa3b</run_address>
         <size>0x13c</size>
         <input_file_ref idref="fl-2"/>
      </object_component>
      <object_component id="oc-4bf">
         <name>.debug_line</name>
         <load_address>0xb77</load_address>
         <run_address>0xb77</run_address>
         <size>0x53</size>
         <input_file_ref idref="fl-2"/>
      </object_component>
      <object_component id="oc-406">
         <name>.debug_line</name>
         <load_address>0xbca</load_address>
         <run_address>0xbca</run_address>
         <size>0x160</size>
         <input_file_ref idref="fl-2"/>
      </object_component>
      <object_component id="oc-40d">
         <name>.debug_line</name>
         <load_address>0xd2a</load_address>
         <run_address>0xd2a</run_address>
         <size>0x73</size>
         <input_file_ref idref="fl-2"/>
      </object_component>
      <object_component id="oc-520">
         <name>.debug_line</name>
         <load_address>0xd9d</load_address>
         <run_address>0xd9d</run_address>
         <size>0x55</size>
         <input_file_ref idref="fl-2"/>
      </object_component>
      <object_component id="oc-526">
         <name>.debug_line</name>
         <load_address>0xdf2</load_address>
         <run_address>0xdf2</run_address>
         <size>0x51</size>
         <input_file_ref idref="fl-2"/>
      </object_component>
      <object_component id="oc-3f6">
         <name>.debug_line</name>
         <load_address>0xe43</load_address>
         <run_address>0xe43</run_address>
         <size>0x54</size>
         <input_file_ref idref="fl-2"/>
      </object_component>
      <object_component id="oc-469">
         <name>.debug_line</name>
         <load_address>0xe97</load_address>
         <run_address>0xe97</run_address>
         <size>0x55</size>
         <input_file_ref idref="fl-2"/>
      </object_component>
      <object_component id="oc-3f1">
         <name>.debug_line</name>
         <load_address>0xeec</load_address>
         <run_address>0xeec</run_address>
         <size>0xa6</size>
         <input_file_ref idref="fl-2"/>
      </object_component>
      <object_component id="oc-390">
         <name>.debug_line</name>
         <load_address>0xf92</load_address>
         <run_address>0xf92</run_address>
         <size>0x7e</size>
         <input_file_ref idref="fl-2"/>
      </object_component>
      <object_component id="oc-396">
         <name>.debug_line</name>
         <load_address>0x1010</load_address>
         <run_address>0x1010</run_address>
         <size>0x69</size>
         <input_file_ref idref="fl-2"/>
      </object_component>
      <object_component id="oc-39c">
         <name>.debug_line</name>
         <load_address>0x1079</load_address>
         <run_address>0x1079</run_address>
         <size>0x50</size>
         <input_file_ref idref="fl-2"/>
      </object_component>
      <object_component id="oc-503">
         <name>.debug_line</name>
         <load_address>0x10c9</load_address>
         <run_address>0x10c9</run_address>
         <size>0x7d</size>
         <input_file_ref idref="fl-2"/>
      </object_component>
      <object_component id="oc-378">
         <name>.debug_line</name>
         <load_address>0x1146</load_address>
         <run_address>0x1146</run_address>
         <size>0x20</size>
         <input_file_ref idref="fl-2"/>
      </object_component>
      <object_component id="oc-5a7">
         <name>.debug_line</name>
         <load_address>0x1166</load_address>
         <run_address>0x1166</run_address>
         <size>0x81</size>
         <input_file_ref idref="fl-2"/>
      </object_component>
      <object_component id="oc-608">
         <name>.debug_line</name>
         <load_address>0x11e7</load_address>
         <run_address>0x11e7</run_address>
         <size>0x77</size>
         <input_file_ref idref="fl-3"/>
      </object_component>
      <object_component id="oc-48e">
         <name>.debug_line</name>
         <load_address>0x125e</load_address>
         <run_address>0x125e</run_address>
         <size>0x96</size>
         <input_file_ref idref="fl-3"/>
      </object_component>
      <object_component id="oc-4ba">
         <name>.debug_line</name>
         <load_address>0x12f4</load_address>
         <run_address>0x12f4</run_address>
         <size>0x4c</size>
         <input_file_ref idref="fl-3"/>
      </object_component>
      <object_component id="oc-5a3">
         <name>.debug_line</name>
         <load_address>0x1340</load_address>
         <run_address>0x1340</run_address>
         <size>0x66</size>
         <input_file_ref idref="fl-5"/>
      </object_component>
      <object_component id="oc-611">
         <name>.debug_line</name>
         <load_address>0x13a6</load_address>
         <run_address>0x13a6</run_address>
         <size>0x36</size>
         <input_file_ref idref="fl-5"/>
      </object_component>
      <object_component id="oc-613">
         <name>.debug_line</name>
         <load_address>0x13dc</load_address>
         <run_address>0x13dc</run_address>
         <size>0x36</size>
         <input_file_ref idref="fl-5"/>
      </object_component>
      <object_component id="oc-580">
         <name>.debug_line</name>
         <load_address>0x1412</load_address>
         <run_address>0x1412</run_address>
         <size>0x52</size>
         <input_file_ref idref="fl-5"/>
      </object_component>
      <object_component id="oc-4c7">
         <name>.debug_line</name>
         <load_address>0x1464</load_address>
         <run_address>0x1464</run_address>
         <size>0x66</size>
         <input_file_ref idref="fl-5"/>
      </object_component>
      <object_component id="oc-58d">
         <name>.debug_line</name>
         <load_address>0x14ca</load_address>
         <run_address>0x14ca</run_address>
         <size>0x4a</size>
         <input_file_ref idref="fl-5"/>
      </object_component>
      <object_component id="oc-4af">
         <name>.debug_line</name>
         <load_address>0x1514</load_address>
         <run_address>0x1514</run_address>
         <size>0x67</size>
         <input_file_ref idref="fl-5"/>
      </object_component>
      <object_component id="oc-444">
         <name>.debug_line</name>
         <load_address>0x157b</load_address>
         <run_address>0x157b</run_address>
         <size>0x5b</size>
         <input_file_ref idref="fl-5"/>
      </object_component>
      <object_component id="oc-4a9">
         <name>.debug_line</name>
         <load_address>0x15d6</load_address>
         <run_address>0x15d6</run_address>
         <size>0x66</size>
         <input_file_ref idref="fl-5"/>
      </object_component>
      <object_component id="oc-4d9">
         <name>.debug_line</name>
         <load_address>0x163c</load_address>
         <run_address>0x163c</run_address>
         <size>0x5d</size>
         <input_file_ref idref="fl-5"/>
      </object_component>
      <object_component id="oc-40f">
         <name>.debug_line</name>
         <load_address>0x1699</load_address>
         <run_address>0x1699</run_address>
         <size>0x59</size>
         <input_file_ref idref="fl-5"/>
      </object_component>
      <object_component id="oc-510">
         <name>.debug_line</name>
         <load_address>0x16f2</load_address>
         <run_address>0x16f2</run_address>
         <size>0x72</size>
         <input_file_ref idref="fl-5"/>
      </object_component>
      <object_component id="oc-4d4">
         <name>.debug_line</name>
         <load_address>0x1764</load_address>
         <run_address>0x1764</run_address>
         <size>0x4d</size>
[...]
      <symbol id="sm-2db">
         <name>__TI_CINIT_Base</name>
         <value>0x4f4a</value>
      </symbol>
      <symbol id="sm-2dc">
         <name>__TI_CINIT_Limit</name>
         <value>0x4f5a</value>
      </symbol>
      <symbol id="sm-2dd">
         <name>__TI_CINIT_Warm</name>
         <value>0x4f5a</value>
      </symbol>
      <symbol id="sm-2de">
         <name>__TI_Handler_Table_Base</name>
         <value>0x4f38</value>
      </symbol>
      <symbol id="sm-2df">
         <name>__TI_Handler_Table_Limit</name>
         <value>0x4f44</value>
      </symbol>
      <symbol id="sm-2e0">
         <name>__STACK_SIZE</name>
         <value>0xa0</value>
      </symbol>
      <symbol id="sm-2e1">
         <name>__STACK_END</name>
         <value>0x4400</value>
      </symbol>
      <symbol id="sm-2e2">
         <name>__c_args__</name>
         <value>0xffffffff</value>
      </symbol>
      <symbol id="sm-2e3">
         <name>__TI_pprof_out_hndl</name>
         <value>0xffffffff</value>
      </symbol>
      <symbol id="sm-2e4">
         <name>__TI_prof_data_start</name>
         <value>0xffffffff</value>
      </symbol>
      <symbol id="sm-2e5">
         <name>__TI_prof_data_size</name>
         <value>0xffffffff</value>
      </symbol>
      <symbol id="sm-557">
         <name>h_12</name>
         <value>0x2480</value>
      </symbol>
      <symbol id="sm-558">
         <name>flash_data</name>
         <value>0x246c</value>
      </symbol>
      <symbol id="sm-559">
         <name>temp</name>
         <value>0x2482</value>
      </symbol>
      <symbol id="sm-55a">
         <name>temperatureDegC</name>
         <value>0x2478</value>
      </symbol>
      <symbol id="sm-55b">
         <name>temperatureDegF</name>
         <value>0x247c</value>
      </symbol>
      <symbol id="sm-55c">
         <name>run_year</name>
         <value>0x125d4</value>
         <object_component_ref idref="oc-4e4"/>
      </symbol>
      <symbol id="sm-55d">
         <name>state1</name>
         <value>0x2448</value>
         <object_component_ref idref="oc-3f8"/>
      </symbol>
      <symbol id="sm-55e">
         <name>write_flash_int</name>
         <value>0x12340</value>
         <object_component_ref idref="oc-44e"/>
      </symbol>
      <symbol id="sm-55f">
         <name>temtemp</name>
         <value>0x2444</value>
         <object_component_ref idref="oc-3f8"/>
      </symbol>
      <symbol id="sm-560">
         <name>show_week</name>
         <value>0x11c62</value>
         <object_component_ref idref="oc-42c"/>
      </symbol>
      <symbol id="sm-561">
         <name>show_temp</name>
         <value>0x12166</value>
         <object_component_ref idref="oc-432"/>
      </symbol>
      <symbol id="sm-562">
         <name>am_or_pm</name>
         <value>0x2440</value>
         <object_component_ref idref="oc-3f8"/>
      </symbol>
      <symbol id="sm-563">
         <name>alarms</name>
         <value>0x2400</value>
         <object_component_ref idref="oc-495"/>
      </symbol>
      <symbol id="sm-564">
         <name>set_time_12</name>
         <value>0x1041a</value>
         <object_component_ref idref="oc-49f"/>
      </symbol>
      <symbol id="sm-565">
         <name>TIMER1_A0_ISR</name>
         <value>0x4400</value>
         <object_component_ref idref="oc-38c"/>
      </symbol>
      <symbol id="sm-566">
         <name>off</name>
         <value>0x2442</value>
         <object_component_ref idref="oc-3f8"/>
      </symbol>
      <symbol id="sm-567">
         <name>hour</name>
         <value>0x2432</value>
         <object_component_ref idref="oc-3f8"/>
      </symbol>
      <symbol id="sm-568">
         <name>key_value</name>
         <value>0x2456</value>
         <object_component_ref idref="oc-3f8"/>
      </symbol>
      <symbol id="sm-569">
         <name>__TI_int49</name>
         <value>0xffe2</value>
         <object_component_ref idref="oc-81"/>
      </symbol>
      <symbol id="sm-56a">
         <name>state</name>
         <value>0x2446</value>
         <object_component_ref idref="oc-3f8"/>
      </symbol>
      <symbol id="sm-56b">
         <name>keykey</name>
         <value>0x244c</value>
         <object_component_ref idref="oc-3f8"/>
      </symbol>
      <symbol id="sm-56c">
         <name>temp_init</name>
         <value>0x12458</value>
         <object_component_ref idref="oc-515"/>
      </symbol>
      <symbol id="sm-56d">
         <name>show_stopwatch</name>
         <value>0x11784</value>
         <object_component_ref idref="oc-3fb"/>
      </symbol>
      <symbol id="sm-56e">
         <name>t24or12</name>
         <value>0x244a</value>
         <object_component_ref idref="oc-3f8"/>
      </symbol>
      <symbol id="sm-56f">
         <name>__TI_int54</name>
         <value>0xffec</value>
         <object_component_ref idref="oc-86"/>
      </symbol>
      <symbol id="sm-570">
         <name>__TI_int53</name>
         <value>0xffea</value>
         <object_component_ref idref="oc-85"/>
      </symbol>
      <symbol id="sm-571">
         <name>show_date</name>
         <value>0x11978</value>
         <object_component_ref idref="oc-426"/>
      </symbol>
      <symbol id="sm-572">
         <name>s</name>
         <value>0x2450</value>
         <object_component_ref idref="oc-3f8"/>
      </symbol>
      <symbol id="sm-573">
         <name>m</name>
         <value>0x2452</value>
         <object_component_ref idref="oc-3f8"/>
      </symbol>
      <symbol id="sm-574">
         <name>day</name>
         <value>0x243c</value>
         <object_component_ref idref="oc-3f8"/>
      </symbol>
      <symbol id="sm-575">
         <name>show_time_12</name>
         <value>0x112de</value>
         <object_component_ref idref="oc-41a"/>
      </symbol>
      <symbol id="sm-576">
         <name>run_date</name>
         <value>0x11bba</value>
         <object_component_ref idref="oc-4de"/>
      </symbol>
      <symbol id="sm-577">
         <name>year</name>
         <value>0x2438</value>
         <object_component_ref idref="oc-3f8"/>
      </symbol>
      <symbol id="sm-578">
         <name>store</name>
         <value>0x12526</value>
         <object_component_ref idref="oc-445"/>
      </symbol>
      <symbol id="sm-579">
         <name>main</name>
         <value>0x12380</value>
         <object_component_ref idref="oc-465"/>
      </symbol>
      <symbol id="sm-57a">
         <name>timerA_init</name>
         <value>0x12220</value>
         <object_component_ref idref="oc-509"/>
      </symbol>
      <symbol id="sm-57b">
         <name>minute</name>
         <value>0x2434</value>
         <object_component_ref idref="oc-3f8"/>
      </symbol>
      <symbol id="sm-57c">
         <name>ms</name>
         <value>0x244e</value>
         <object_component_ref idref="oc-3f8"/>
      </symbol>
      <symbol id="sm-57d">
         <name>run_week</name>
         <value>0x11e2e</value>
         <object_component_ref idref="oc-4ec"/>
      </symbol>
      <symbol id="sm-57e">
         <name>month</name>
         <value>0x243a</value>
         <object_component_ref idref="oc-3f8"/>
      </symbol>
      <symbol id="sm-57f">
         <name>alarms_judge</name>
         <value>0x2458</value>
         <object_component_ref idref="oc-4c2"/>
      </symbol>
      <symbol id="sm-580">
         <name>display</name>
         <value>0x12620</value>
         <object_component_ref idref="oc-438"/>
      </symbol>
      <symbol id="sm-581">
         <name>read</name>
         <value>0x12500</value>
         <object_component_ref idref="oc-521"/>
      </symbol>
      <symbol id="sm-582">
         <name>week</name>
         <value>0x243e</value>
         <object_component_ref idref="oc-3f8"/>
      </symbol>
      <symbol id="sm-583">
         <name>read_flash_int1</name>
         <value>0x125b8</value>
         <object_component_ref idref="oc-51b"/>
      </symbol>
      <symbol id="sm-584">
         <name>mode</name>
         <value>0x124da</value>
         <object_component_ref idref="oc-3f2"/>
      </symbol>
      <symbol id="sm-585">
         <name>ADC12ISR</name>
         <value>0x4526</value>
         <object_component_ref idref="oc-398"/>
      </symbol>
      <symbol id="sm-586">
         <name>temp_AD</name>
         <value>0x11a42</value>
         <object_component_ref idref="oc-527"/>
      </symbol>
      <symbol id="sm-587">
         <name>show_time</name>
         <value>0x1187e</value>
         <object_component_ref idref="oc-4f4"/>
      </symbol>
      <symbol id="sm-588">
         <name>get_key_value</name>
         <value>0x11558</value>
         <object_component_ref idref="oc-3ec"/>
      </symbol>
      <symbol id="sm-589">
         <name>set_time</name>
         <value>0x10f68</value>
         <object_component_ref idref="oc-499"/>
      </symbol>
      <symbol id="sm-58a">
         <name>set_alarm</name>
         <value>0x10000</value>
         <object_component_ref idref="oc-401"/>
      </symbol>
      <symbol id="sm-58b">
         <name>alarm_change</name>
         <value>0x12090</value>
         <object_component_ref idref="oc-4bb"/>
      </symbol>
      <symbol id="sm-58c">
         <name>value</name>
         <value>0x2454</value>
         <object_component_ref idref="oc-3f8"/>
      </symbol>
      <symbol id="sm-58d">
         <name>set_date</name>
         <value>0x10810</value>
         <object_component_ref idref="oc-414"/>
      </symbol>
      <symbol id="sm-58e">
         <name>second</name>
         <value>0x2436</value>
         <object_component_ref idref="oc-3f8"/>
      </symbol>
      <symbol id="sm-58f">
         <name>run_time</name>
         <value>0x11d04</value>
         <object_component_ref idref="oc-408"/>
      </symbol>
      <symbol id="sm-590">
         <name>TIMER0_A0_ISR</name>
         <value>0x4498</value>
         <object_component_ref idref="oc-392"/>
      </symbol>
      <symbol id="sm-591">
         <name>run_date_year</name>
         <value>0x123f4</value>
         <object_component_ref idref="oc-420"/>
      </symbol>
      <symbol id="sm-5ca">
         <name>KeyVal</name>
         <value>0x2484</value>
      </symbol>
      <symbol id="sm-5cb">
         <name>init_key</name>
         <value>0x12428</value>
         <object_component_ref idref="oc-4b5"/>
      </symbol>
      <symbol id="sm-5cc">
         <name>key</name>
         <value>0x10bdc</value>
         <object_component_ref idref="oc-48a"/>
      </symbol>
      <symbol id="sm-638">
         <name>OLED_ShowNum</name>
         <value>0x11eb4</value>
         <object_component_ref idref="oc-4a8"/>
      </symbol>
      <symbol id="sm-639">
         <name>OLED_WR_Byte</name>
         <value>0x122be</value>
         <object_component_ref idref="oc-4c6"/>
      </symbol>
      <symbol id="sm-63a">
         <name>Hzk</name>
         <value>0x4b34</value>
         <object_component_ref idref="oc-59a"/>
      </symbol>
      <symbol id="sm-63b">
         <name>OLED_Init</name>
         <value>0x11672</value>
         <object_component_ref idref="oc-50f"/>
      </symbol>
      <symbol id="sm-63c">
         <name>F8X16</name>
         <value>0x4544</value>
         <object_component_ref idref="oc-58e"/>
      </symbol>
      <symbol id="sm-63d">
         <name>OLED_ShowString</name>
         <value>0x123be</value>
         <object_component_ref idref="oc-43f"/>
      </symbol>
      <symbol id="sm-63e">
         <name>OLED_ShowChar</name>
         <value>0x12022</value>
         <object_component_ref idref="oc-4ae"/>
      </symbol>
      <symbol id="sm-63f">
         <name>OLED_Clear</name>
         <value>0x12300</value>
         <object_component_ref idref="oc-40e"/>
      </symbol>
      <symbol id="sm-640">
         <name>oled_pow</name>
         <value>0x125f0</value>
         <object_component_ref idref="oc-57c"/>
      </symbol>
      <symbol id="sm-641">
         <name>OLED_ShowCHinese</name>
         <value>0x11f36</value>
         <object_component_ref idref="oc-4d5"/>
      </symbol>
      <symbol id="sm-642">
         <name>OLED_Set_Pos</name>
         <value>0x124b2</value>
         <object_component_ref idref="oc-588"/>
      </symbol>
      <symbol id="sm-64e">
         <name>__mspabi_remi</name>
         <value>0x12486</value>
         <object_component_ref idref="oc-4d0"/>
      </symbol>
      <symbol id="sm-64f">
         <name>__mspabi_divi</name>
         <value>0x12486</value>
         <object_component_ref idref="oc-4d0"/>
      </symbol>
      <symbol id="sm-659">
         <name>__mspabi_remu</name>
         <value>0x12636</value>
         <object_component_ref idref="oc-582"/>
      </symbol>
      <symbol id="sm-65a">
         <name>__mspabi_divu</name>
         <value>0x12636</value>
         <object_component_ref idref="oc-582"/>
      </symbol>
      <symbol id="sm-675">
         <name>__mspabi_subf</name>
         <value>0x11426</value>
         <object_component_ref idref="oc-5c2"/>
      </symbol>
      <symbol id="sm-676">
         <name>__mspabi_addf</name>
         <value>0x1142c</value>
         <object_component_ref idref="oc-5c2"/>
      </symbol>
      <symbol id="sm-688">
         <name>__mspabi_divf</name>
         <value>0x11d9e</value>
         <object_component_ref idref="oc-5bd"/>
      </symbol>
      <symbol id="sm-697">
         <name>__mspabi_fltlif</name>
         <value>0x12274</value>
         <object_component_ref idref="oc-5b3"/>
      </symbol>
      <symbol id="sm-6ae">
         <name>__mspabi_mpyf</name>
         <value>0x11b02</value>
         <object_component_ref idref="oc-5c8"/>
      </symbol>
      <symbol id="sm-6c0">
         <name>__mspabi_fixfi</name>
         <value>0x120fe</value>
         <object_component_ref idref="oc-5cd"/>
      </symbol>
      <symbol id="sm-6cb">
         <name>__mspabi_fltuf</name>
         <value>0x12570</value>
         <object_component_ref idref="oc-5b8"/>
      </symbol>
      <symbol id="sm-6ce">
         <name>__TI_int41</name>
         <value>0xffd2</value>
         <object_component_ref idref="oc-79"/>
      </symbol>
      <symbol id="sm-6d1">
         <name>__TI_int42</name>
         <value>0xffd4</value>
         <object_component_ref idref="oc-7a"/>
      </symbol>
      <symbol id="sm-6d4">
         <name>__TI_int43</name>
         <value>0xffd6</value>
         <object_component_ref idref="oc-7b"/>
      </symbol>
      <symbol id="sm-6d7">
         <name>__TI_int44</name>
         <value>0xffd8</value>
         <object_component_ref idref="oc-7c"/>
      </symbol>
      <symbol id="sm-6da">
         <name>__TI_int45</name>
         <value>0xffda</value>
         <object_component_ref idref="oc-7d"/>
      </symbol>
      <symbol id="sm-6dd">
         <name>__TI_int46</name>
         <value>0xffdc</value>
         <object_component_ref idref="oc-7e"/>
      </symbol>
      <symbol id="sm-6e0">
         <name>__TI_int47</name>
         <value>0xffde</value>
         <object_component_ref idref="oc-7f"/>
      </symbol>
      <symbol id="sm-6e3">
         <name>__TI_int48</name>
         <value>0xffe0</value>
         <object_component_ref idref="oc-80"/>
      </symbol>
      <symbol id="sm-6e6">
         <name>__TI_int50</name>
         <value>0xffe4</value>
         <object_component_ref idref="oc-82"/>
      </symbol>
      <symbol id="sm-6e9">
         <name>__TI_int51</name>
         <value>0xffe6</value>
         <object_component_ref idref="oc-83"/>
      </symbol>
      <symbol id="sm-6ec">
         <name>__TI_int52</name>
         <value>0xffe8</value>
         <object_component_ref idref="oc-84"/>
      </symbol>
      <symbol id="sm-6ef">
         <name>__TI_int55</name>
         <value>0xffee</value>
         <object_component_ref idref="oc-87"/>
      </symbol>
      <symbol id="sm-6f2">
         <name>__TI_int56</name>
         <value>0xfff0</value>
         <object_component_ref idref="oc-88"/>
      </symbol>
      <symbol id="sm-6f5">
         <name>__TI_int57</name>
         <value>0xfff2</value>
         <object_component_ref idref="oc-89"/>
      </symbol>
      <symbol id="sm-6f8">
         <name>__TI_int58</name>
         <value>0xfff4</value>
         <object_component_ref idref="oc-8a"/>
      </symbol>
      <symbol id="sm-6fb">
         <name>__TI_int59</name>
         <value>0xfff6</value>
         <object_component_ref idref="oc-8b"/>
      </symbol>
      <symbol id="sm-6fe">
         <name>__TI_int60</name>
         <value>0xfff8</value>
         <object_component_ref idref="oc-8c"/>
      </symbol>
      <symbol id="sm-701">
         <name>__TI_int61</name>
         <value>0xfffa</value>
         <object_component_ref idref="oc-8d"/>
      </symbol>
      <symbol id="sm-704">
         <name>__TI_int62</name>
         <value>0xfffc</value>
         <object_component_ref idref="oc-8e"/>
      </symbol>
      <symbol id="sm-70c">
         <name>__TI_ISR_TRAP</name>
         <value>0x453c</value>
         <object_component_ref idref="oc-387"/>
      </symbol>
      <symbol id="sm-715">
         <name>__mspabi_mpyi_f5hw</name>
         <value>0x12608</value>
         <object_component_ref idref="oc-490"/>
      </symbol>
      <symbol id="sm-71f">
         <name>__mspabi_mpyl_f5hw</name>
         <value>0x12594</value>
         <object_component_ref idref="oc-5ae"/>
      </symbol>
      <symbol id="sm-731">
         <name>_stack</name>
         <value>0x4360</value>
         <object_component_ref idref="oc-36b"/>
      </symbol>
      <symbol id="sm-732">
         <name>_c_int00_noargs</name>
         <value>0x450a</value>
         <object_component_ref idref="oc-3b0"/>
      </symbol>
      <symbol id="sm-733">
         <name>_reset_vector</name>
         <value>0xfffe</value>
         <object_component_ref idref="oc-36e"/>
      </symbol>
      <symbol id="sm-756">
         <name>__TI_auto_init_nobinit_nopinit_hold_wdt</name>
         <value>0x121cc</value>
         <object_component_ref idref="oc-552"/>
      </symbol>
      <symbol id="sm-769">
         <name>__TI_zero_init_nomemset</name>
         <value>0x1254c</value>
         <object_component_ref idref="oc-39e"/>
      </symbol>
      <symbol id="sm-779">
         <name>_system_pre_init</name>
         <value>0x12678</value>
         <object_component_ref idref="oc-45f"/>
      </symbol>
      <symbol id="sm-782">
         <name>_system_post_cinit</name>
         <value>0x1267c</value>
         <object_component_ref idref="oc-5e6"/>
      </symbol>
      <symbol id="sm-793">
         <name>__TI_decompress_none</name>
         <value>0x12660</value>
         <object_component_ref idref="oc-73"/>
      </symbol>
      <symbol id="sm-7b6">
         <name>__TI_decompress_lzss</name>
         <value>0x11fac</value>
         <object_component_ref idref="oc-6d"/>
      </symbol>
      <symbol id="sm-7c0">
         <name>C$$EXIT</name>
         <value>0x12672</value>
         <object_component_ref idref="oc-52e"/>
      </symbol>
      <symbol id="sm-7c1">
         <name>abort</name>
         <value>0x12672</value>
         <object_component_ref idref="oc-52e"/>
      </symbol>
      <symbol id="sm-7d1">
         <name>memcpy</name>
         <value>0x1264c</value>
         <object_component_ref idref="oc-37a"/>
      </symbol>
   </symbol_table>
   <title>Link successful</title>
</link_info>
